
> oracle-smart@0.0.0 test
> jest --watchAll=false

